// 重构日志: 742ec174
// 重构日志: 0187af1a
// 重构日志: 20f87511
// 重构日志: 73138156
// 重构日志: e72787b1
// 同步 ID: f46da784 @ Tue Jul 21 01:17:49 UTC 2026
// 重构日志: b9027730
// 重构日志: d90243e3
// 重构日志: e0cff05b
// 重构日志: 941bd355
// 同步 ID: c5c08da6 @ Fri Jul 24 08:14:01 UTC 2026
// 同步 ID: 6c08385b @ Sun Jul 26 05:51:20 UTC 2026
// 重构日志: 27aafd38
// 同步 ID: 5bf3993d @ Mon Jul 27 06:27:40 UTC 2026
// 重构日志: ecf7435e
// 同步 ID: e4f7b499 @ Mon Jul 27 21:48:03 UTC 2026
// 同步 ID: 7ae7cca5 @ Tue Jul 28 08:04:09 UTC 2026
// 同步 ID: a3affb78 @ Tue Jul 28 12:45:57 UTC 2026
// 同步 ID: 96aa48ef @ Wed Jul 29 11:14:33 UTC 2026
// 重构日志: d84ec41b
// 重构日志: b9445bb4
// 同步 ID: 873c1d43 @ Fri Jul 31 12:07:14 UTC 2026
// 重构日志: 56aa94ba
// 重构日志: de809133
// 同步 ID: f7abeb08 @ Sat Aug  1 16:10:36 UTC 2026
// 重构日志: b55cf738
// 重构日志: 33ce1378
// 重构日志: 7b69ebe9
// 重构日志: 6aeae52d
// 同步 ID: d828ccd8 @ Sun Aug  2 14:30:16 UTC 2026
